Microchip MPLAB XC8 Compiler V2.36

Linker command line:

-W-3 --edf=C:\Program Files\Microchip\xc8\v2.36\pic\dat\en_msgs.txt -cn \
  -h+dist/default/production\key_pad.production.sym \
  --cmf=dist/default/production\key_pad.production.cmf -z -Q18F4520 \
  -oC:\Users\AHMEDA~1\AppData\Local\Temp\xcAsdjo.4 --defsym=__MPLAB_BUILD=1 \
  -Mdist/default/production/key_pad.production.map \
  --md=C:\Users\AHMEDA~1\AppData\Local\Temp\xcAsdjo.dat -E1 \
  -ver=XC8 Compiler --acfsm=1493 -ACODE=00h-07FFFh -ACONST=00h-07FFFh \
  -ASMALLCONST=0600h-06FFhx122 -AMEDIUMCONST=0600h-07FFFh -ACOMRAM=01h-07Fh \
  -AABS1=00h-05FFh -ABIGRAM=01h-05FFh -ARAM=080h-0FFh,0100h-01FFhx5 \
  -ABANK0=080h-0FFh -ABANK1=0100h-01FFh -ABANK2=0200h-02FFh \
  -ABANK3=0300h-03FFh -ABANK4=0400h-04FFh -ABANK5=0500h-05FFh \
  -ASFR=0F80h-0FFFh -ABIGSFR=0F80h-0FFFh -ACONFIG=0300000h-030000Dh \
  -AIDLOC=0200000h-0200007h -AEEDATA=0F00000h-0F000FFh -peeprom_data=EEDATA \
  -preset_vec=00h,intcode=08h,intcodelo=018h,powerup,init -pramtop=0600h \
  -psmallconst=SMALLCONST -pmediumconst=MEDIUMCONST -pconst=CONST \
  -AFARRAM=00h-00h \
  -prdata=COMRAM,nvrram=COMRAM,nvbit=COMRAM,rbss=COMRAM,rbit=COMRAM \
  -pfarbss=FARRAM,fardata=FARRAM,nvFARRAM=FARRAM \
  -pintsave_regs=BIGRAM,bigbss=BIGRAM,bigdata=BIGRAM -pbss=RAM \
  -pidata=CODE,irdata=CODE,ibigdata=CODE,ifardata=CODE -prparam=COMRAM \
  C:\Users\AHMEDA~1\AppData\Local\Temp\xcAsdjo.o \
  dist/default/production\key_pad.production.o 

Object code version is 3.11

Machine type is 18F4520



                Name                               Link     Load   Length Selector   Space Scale
C:\Users\AHMEDA~1\AppData\Local\Temp\xcAsdjo.o
                idloc                            200000   200000        8        0       5
                config                           300000   300000        E        0       4
                init                                 46       46        4        C       0
                reset_vec                             0        0        4        0       0
dist/default/production\key_pad.production.o
                intcodelo                            18       18       2E        C       0
                intcode                               8        8        6        4       0
                idloc                            200000   200000        8        0       5
                config                           300000   300000        E        0       4
                temp                                 69       69        1        1       1
                smallconst                          600      600       12      300       0
                text28                             1488     1488        4      309       0
                text27                             1484     1484        4      309       0
                text26                              C78      C78      100      309       0
                text25                              FC6      FC6       8A      309       0
                text24                              F3C      F3C       8A      309       0
                text23                             146E     146E        E      309       0
                text22                             13F4     13F4       24      309       0
                text21                             1460     1460        E      309       0
                text20                             1452     1452        E      309       0
                text19                             1444     1444        E      309       0
                text18                             13D0     13D0       24      309       0
                text17                             1436     1436        E      309       0
                text16                             1428     1428        E      309       0
                text15                             11D6     11D6       82      309       0
                text14                             1154     1154       82      309       0
                text13                             10D2     10D2       82      309       0
                text12                             1050     1050       82      309       0
                text11                             1480     1480        4      309       0
                intcode_body                        612      612      2B6      309       0
                text9                              147C     147C        4      309       0
                text7                               A40      A40      128      309       0
                text6                               B68      B68      110      309       0
                text5                              12CC     12CC       72      309       0
                text4                               8C8      8C8      178      309       0
                text3                               E18      E18       98      309       0
                text2                              1258     1258       74      309       0
                text1                               EB0      EB0       8C      309       0
                text0                               D78      D78       A0      309       0
                cstackCOMRAM                         53       53       16        1       1
                cstackBANK0                          80       80       16       80       1
                dataBANK0                            96       96       10       80       1
                dataCOMRAM                            1        1       38        1       1
                bssCOMRAM                            39       39       1A        1       1
                cinit                              133E     133E       5A      309       0
                idataBANK0                         1418     1418       10      309       0
                idataCOMRAM                        1398     1398       38      309       0

TOTAL           Name                               Link     Load   Length     Space
        CLASS   CODE           
                intcodelo                            18       18       2E         0
                intcode                               8        8        6         0
                init                                 46       46        4         0
                reset_vec                             0        0        4         0
                text28                             1488     1488        4         0
                text27                             1484     1484        4         0
                text26                              C78      C78      100         0
                text25                              FC6      FC6       8A         0
                text24                              F3C      F3C       8A         0
                text23                             146E     146E        E         0
                text22                             13F4     13F4       24         0
                text21                             1460     1460        E         0
                text20                             1452     1452        E         0
                text19                             1444     1444        E         0
                text18                             13D0     13D0       24         0
                text17                             1436     1436        E         0
                text16                             1428     1428        E         0
                text15                             11D6     11D6       82         0
                text14                             1154     1154       82         0
                text13                             10D2     10D2       82         0
                text12                             1050     1050       82         0
                text11                             1480     1480        4         0
                intcode_body                        612      612      2B6         0
                text9                              147C     147C        4         0
                text7                               A40      A40      128         0
                text6                               B68      B68      110         0
                text5                              12CC     12CC       72         0
                text4                               8C8      8C8      178         0
                text3                               E18      E18       98         0
                text2                              1258     1258       74         0
                text1                               EB0      EB0       8C         0
                text0                               D78      D78       A0         0
                cinit                              133E     133E       5A         0
                idataBANK0                         1418     1418       10         0
                idataCOMRAM                        1398     1398       38         0

        CLASS   CONST          

        CLASS   SMALLCONST     
                smallconst                          600      600       12         0

        CLASS   MEDIUMCONST    

        CLASS   COMRAM         
                temp                                 69       69        1         1
                cstackCOMRAM                         53       53       16         1
                dataCOMRAM                            1        1       38         1
                bssCOMRAM                            39       39       1A         1

        CLASS   ABS1           

        CLASS   BIGRAM         

        CLASS   RAM            

        CLASS   BANK0          
                cstackBANK0                          80       80       16         1
                dataBANK0                            96       96       10         1

        CLASS   BANK1          

        CLASS   BANK2          

        CLASS   BANK3          

        CLASS   BANK4          

        CLASS   BANK5          

        CLASS   SFR            

        CLASS   BIGSFR         

        CLASS   CONFIG         
                config                           300000   300000        E         4

        CLASS   IDLOC          
                idloc                            200000   200000        8         5

        CLASS   EEDATA         

        CLASS   FARRAM         

        CLASS   HEAP           

        CLASS   STACK          



SEGMENTS        Name                           Load    Length   Top    Selector   Space  Class

                reset_vec                      000000  000004  000004         0       0  CODE    
                dataCOMRAM                     000001  000069  00006A         1       1  COMRAM  
                intcode                        000008  000006  00000E         4       0  CODE    
                intcodelo                      000018  000032  00004A         C       0  CODE    
                cstackBANK0                    000080  000026  0000A6        80       1  BANK0   
                smallconst                     000600  000012  000612       300       0  SMALLCON
                intcode_body                   000612  000E7A  00148C       309       0  CODE    


UNUSED ADDRESS RANGES

        Name                Unused          Largest block    Delta
        BANK0            0000A6-0000FF               5A
        BANK1            000100-0001FF              100
        BANK2            000200-0002FF              100
        BANK3            000300-0003FF              100
        BANK4            000400-0004FF              100
        BANK5            000500-0005FF              100
        BIGRAM           00006A-00007F               16
                         0000A6-0005FF              55A
        BIGSFR           000F80-000FFF               80
        CODE             000004-000007                4
                         00000E-000017                A
                         00004A-0005FF              5B6
                         00148C-007FFF             6B74
        COMRAM           00006A-00007F               16
        CONST            000004-000007                4
                         00000E-000017                A
                         00004A-0005FF              5B6
                         00148C-007FFF             6B74
        EEDATA           F00000-F000FF              100
        MEDIUMCONST      00148C-007FFF             6B74
        RAM              0000A6-0005FF              100
        SFR              000F80-000FFF               80
        SMALLCONST       00148C-007FFF              100

                                  Symbol Table

Interrupt_RBx_init@int_obj               cstackBANK0  00008F
Interrupt_RBx_init@ret                   cstackBANK0  000093
RB4_ISR@source                           cstackCOMRAM 000062
RB5_ISR@source                           cstackCOMRAM 000062
RB6_ISR@source                           cstackCOMRAM 000062
RB7_ISR@source                           cstackCOMRAM 000062
_INT0_ISR                                text9        00147C
_INT0_InterruptHandler                   bssCOMRAM    00004D
_INT1_ISR                                text28       001488
_INT1_InterruptHandler                   bssCOMRAM    00004B
_INT2_ISR                                text27       001484
_INT2_InterruptHandler                   bssCOMRAM    000049
_INTCON2bits                             (abs)        000FF1
_INTCON3bits                             (abs)        000FF0
_INTCONbits                              (abs)        000FF2
_InterruptManagerHigh                    intcode      000008
_InterruptManagerLow                     intcodelo    000018
_Interrupt_RBx_init                      text4        0008C8
_LATA                                    (abs)        000F89
_LATB                                    (abs)        000F8A
_LATC                                    (abs)        000F8B
_LATD                                    (abs)        000F8C
_LATE                                    (abs)        000F8D
_PORTA                                   (abs)        000F80
_PORTB                                   (abs)        000F81
_PORTBbits                               (abs)        000F81
_PORTC                                   (abs)        000F82
_PORTD                                   (abs)        000F83
_PORTE                                   (abs)        000F84
_RB4_HIGH_Int_APP_ISR                    text22       0013F4
_RB4_ISR                                 text15       0011D6
_RB4_InterruptHandler_HIGH               bssCOMRAM    000047
_RB4_InterruptHandler_LOW                bssCOMRAM    000045
_RB4_LOW_Int_APP_ISR                     text18       0013D0
_RB4_flag                                dataCOMRAM   000018
_RB5_HIGH_Int_APP_ISR                    text21       001460
_RB5_ISR                                 text14       001154
_RB5_InterruptHandler_HIGH               bssCOMRAM    000043
_RB5_InterruptHandler_LOW                bssCOMRAM    000041
_RB5_LOW_Int_APP_ISR                     text17       001436
_RB5_flag                                dataCOMRAM   000017
_RB6_HIGH_Int_APP_ISR                    text20       001452
_RB6_ISR                                 text13       0010D2
_RB6_InterruptHandler_HIGH               bssCOMRAM    00003F
_RB6_InterruptHandler_LOW                bssCOMRAM    00003D
_RB6_LOW_Int_APP_ISR                     text16       001428
_RB6_flag                                dataCOMRAM   000016
_RB7_HIGH_Int_APP_ISR                    text23       00146E
_RB7_ISR                                 text12       001050
_RB7_InterruptHandler_HIGH               bssCOMRAM    00003B
_RB7_InterruptHandler_LOW                bssCOMRAM    000039
_RB7_LOW_Int_APP_ISR                     text19       001444
_RB7_flag                                dataCOMRAM   000015
_RCONbits                                (abs)        000FD0
_TRISA                                   (abs)        000F92
_TRISB                                   (abs)        000F93
_TRISC                                   (abs)        000F94
_TRISD                                   (abs)        000F95
_TRISE                                   (abs)        000F96
__HRAM                                   (abs)        000000
__Habs1                                  abs1         000000
__Hbank0                                 bank0        000000
__Hbank1                                 bank1        000000
__Hbank2                                 bank2        000000
__Hbank3                                 bank3        000000
__Hbank4                                 bank4        000000
__Hbank5                                 bank5        000000
__Hbigbss                                bigbss       000000
__Hbigdata                               bigdata      000000
__Hbigram                                bigram       000000
__Hbigsfr                                bigsfr       000000
__Hbss                                   bss          000000
__HbssCOMRAM                             bssCOMRAM    000000
__Hcinit                                 cinit        000000
__Hclrtext                               clrtext      000000
__Hcomram                                comram       000000
__Hconfig                                config       30000E
__Hconst                                 const        000000
__HcstackBANK0                           cstackBANK0  000000
__HcstackCOMRAM                          cstackCOMRAM 000000
__Hdata                                  data         000000
__HdataBANK0                             dataBANK0    000000
__HdataCOMRAM                            dataCOMRAM   000000
__Heeprom_data                           eeprom_data  000000
__Hfarbss                                farbss       000000
__Hfardata                               fardata      000000
__Hheap                                  heap         000000
__Hibigdata                              ibigdata     000000
__Hidata                                 idata        000000
__HidataBANK0                            idataBANK0   000000
__HidataCOMRAM                           idataCOMRAM  000000
__Hidloc                                 idloc        200008
__Hifardata                              ifardata     000000
__Hinit                                  init         00004A
__Hintcode                               intcode      00000E
__Hintcode_body                          intcode_body 000000
__Hintcodelo                             intcodelo    000046
__Hintentry                              intentry     000000
__Hintret                                intret       000000
__Hintsave_regs                          intsave_regs 000000
__Hirdata                                irdata       000000
__Hmediumconst                           mediumconst  000000
__HnvFARRAM                              nvFARRAM     000000
__Hnvbit                                 nvbit        000000
__Hnvrram                                nvrram       000000
__Hparam                                 rparam       000000
__Hpowerup                               powerup      000046
__Hram                                   ram          000000
__Hramtop                                ramtop       000600
__Hrbit                                  rbit         000000
__Hrbss                                  rbss         000000
__Hrdata                                 rdata        000000
__Hreset_vec                             reset_vec    000004
__Hrparam                                rparam       000000
__Hsfr                                   sfr          000000
__Hsmallconst                            smallconst   000612
__Hspace_0                               (abs)        00148C
__Hspace_1                               (abs)        0000A6
__Hspace_2                               (abs)        000000
__Hspace_4                               (abs)        60000E
__Hstack                                 stack        000000
__Hstruct                                struct       000000
__Htemp                                  temp         00006A
__Htext                                  text         000000
__Htext0                                 text0        000000
__Htext1                                 text1        000000
__Htext11                                text11       000000
__Htext12                                text12       000000
__Htext13                                text13       000000
__Htext14                                text14       000000
__Htext15                                text15       000000
__Htext16                                text16       000000
__Htext17                                text17       000000
__Htext18                                text18       000000
__Htext19                                text19       000000
__Htext2                                 text2        000000
__Htext20                                text20       000000
__Htext21                                text21       000000
__Htext22                                text22       000000
__Htext23                                text23       000000
__Htext24                                text24       000000
__Htext25                                text25       000000
__Htext26                                text26       000000
__Htext27                                text27       000000
__Htext28                                text28       000000
__Htext29                                text29       000000
__Htext3                                 text3        000000
__Htext4                                 text4        000000
__Htext5                                 text5        000000
__Htext6                                 text6        000000
__Htext7                                 text7        000000
__Htext9                                 text9        000000
__LRAM                                   (abs)        000001
__Labs1                                  abs1         000000
__Lbank0                                 bank0        000000
__Lbank1                                 bank1        000000
__Lbank2                                 bank2        000000
__Lbank3                                 bank3        000000
__Lbank4                                 bank4        000000
__Lbank5                                 bank5        000000
__Lbigbss                                bigbss       000000
__Lbigdata                               bigdata      000000
__Lbigram                                bigram       000000
__Lbigsfr                                bigsfr       000000
__Lbss                                   bss          000000
__LbssCOMRAM                             bssCOMRAM    000000
__Lcinit                                 cinit        000000
__Lclrtext                               clrtext      000000
__Lcomram                                comram       000000
__Lconfig                                config       000000
__Lconst                                 const        000000
__LcstackBANK0                           cstackBANK0  000000
__LcstackCOMRAM                          cstackCOMRAM 000000
__Ldata                                  data         000000
__LdataBANK0                             dataBANK0    000000
__LdataCOMRAM                            dataCOMRAM   000000
__Leeprom_data                           eeprom_data  000000
__Lfarbss                                farbss       000000
__Lfardata                               fardata      000000
__Lheap                                  heap         000000
__Libigdata                              ibigdata     000000
__Lidata                                 idata        000000
__LidataBANK0                            idataBANK0   000000
__LidataCOMRAM                           idataCOMRAM  000000
__Lidloc                                 idloc        000000
__Lifardata                              ifardata     000000
__Linit                                  init         000046
__Lintcode                               intcode      000008
__Lintcode_body                          intcode_body 000000
__Lintcodelo                             intcodelo    000018
__Lintentry                              intentry     000000
__Lintret                                intret       000000
__Lintsave_regs                          intsave_regs 000000
__Lirdata                                irdata       000000
__Lmediumconst                           mediumconst  000000
__LnvFARRAM                              nvFARRAM     000000
__Lnvbit                                 nvbit        000000
__Lnvrram                                nvrram       000000
__Lparam                                 rparam       000000
__Lpowerup                               powerup      000046
__Lram                                   ram          000000
__Lramtop                                ramtop       000600
__Lrbit                                  rbit         000000
__Lrbss                                  rbss         000000
__Lrdata                                 rdata        000000
__Lreset_vec                             reset_vec    000000
__Lrparam                                rparam       000000
__Lsfr                                   sfr          000000
__Lsmallconst                            smallconst   000600
__Lspace_0                               (abs)        000000
__Lspace_1                               (abs)        000000
__Lspace_2                               (abs)        000000
__Lspace_4                               (abs)        000000
__Lstack                                 stack        000000
__Lstruct                                struct       000000
__Ltemp                                  temp         000069
__Ltext                                  text         000000
__Ltext0                                 text0        000000
__Ltext1                                 text1        000000
__Ltext11                                text11       000000
__Ltext12                                text12       000000
__Ltext13                                text13       000000
__Ltext14                                text14       000000
__Ltext15                                text15       000000
__Ltext16                                text16       000000
__Ltext17                                text17       000000
__Ltext18                                text18       000000
__Ltext19                                text19       000000
__Ltext2                                 text2        000000
__Ltext20                                text20       000000
__Ltext21                                text21       000000
__Ltext22                                text22       000000
__Ltext23                                text23       000000
__Ltext24                                text24       000000
__Ltext25                                text25       000000
__Ltext26                                text26       000000
__Ltext27                                text27       000000
__Ltext28                                text28       000000
__Ltext29                                text29       000000
__Ltext3                                 text3        000000
__Ltext4                                 text4        000000
__Ltext5                                 text5        000000
__Ltext6                                 text6        000000
__Ltext7                                 text7        000000
__Ltext9                                 text9        000000
__S0                                     (abs)        00148C
__S1                                     (abs)        0000A6
__S4                                     (abs)        000000
__S5                                     (abs)        000000
___heap_hi                               (abs)        000000
___heap_lo                               (abs)        000000
___inthi_sp                              stack        000000
___intlo_sp                              stack        000000
___param_bank                            (abs)        000000
___rparam_used                           (abs)        000001
___sp                                    stack        000000
__accesstop                              (abs)        000080
__activetblptr                           (abs)        000002
__end_of_INT0_ISR                        text9        001480
__end_of_INT1_ISR                        text28       00148C
__end_of_INT2_ISR                        text27       001488
__end_of_InterruptManagerHigh            intcode_body 0008C8
__end_of_InterruptManagerLow             intcodelo    000046
__end_of_Interrupt_RBx_init              text4        000A40
__end_of_RB4_HIGH_Int_APP_ISR            text22       001418
__end_of_RB4_ISR                         text15       001258
__end_of_RB4_LOW_Int_APP_ISR             text18       0013F4
__end_of_RB5_HIGH_Int_APP_ISR            text21       00146E
__end_of_RB5_ISR                         text14       0011D6
__end_of_RB5_LOW_Int_APP_ISR             text17       001444
__end_of_RB6_HIGH_Int_APP_ISR            text20       001460
__end_of_RB6_ISR                         text13       001154
__end_of_RB6_LOW_Int_APP_ISR             text16       001436
__end_of_RB7_HIGH_Int_APP_ISR            text23       00147C
__end_of_RB7_ISR                         text12       0010D2
__end_of_RB7_LOW_Int_APP_ISR             text19       001452
__end_of__initialization                 cinit        00138A
__end_of_btn_values                      smallconst   000611
__end_of_gpio_pin_direction_intialize    text7        000B68
__end_of_gpio_pin_intialize              text5        00133E
__end_of_gpio_pin_toggle_logic           text2        0012CC
__end_of_gpio_pin_write_logic            text6        000C78
__end_of_led_intialize                   text3        000EB0
__end_of_led_turn_off                    text24       000FC6
__end_of_led_turn_on                     text25       001050
__end_of_led_turn_toggle                 text1        000F3C
__end_of_main                            text0        000E18
__end_ofi2_INT0_ISR                      text11       001484
__end_ofi2_gpio_pin_write_logic          text26       000D78
__initialization                         cinit        00133E
__mediumconst                            mediumconst  000000
__pbssCOMRAM                             bssCOMRAM    000039
__pcinit                                 cinit        00133E
__pcstackBANK0                           cstackBANK0  000080
__pcstackCOMRAM                          cstackCOMRAM 000053
__pdataBANK0                             dataBANK0    000096
__pdataCOMRAM                            dataCOMRAM   000001
__pidataBANK0                            idataBANK0   001418
__pidataCOMRAM                           idataCOMRAM  001398
__pintcode                               intcode      000008
__pintcode_body                          intcode_body 000612
__pintcodelo                             intcodelo    000018
__psmallconst                            smallconst   000600
__ptext0                                 text0        000D78
__ptext1                                 text1        000EB0
__ptext11                                text11       001480
__ptext12                                text12       001050
__ptext13                                text13       0010D2
__ptext14                                text14       001154
__ptext15                                text15       0011D6
__ptext16                                text16       001428
__ptext17                                text17       001436
__ptext18                                text18       0013D0
__ptext19                                text19       001444
__ptext2                                 text2        001258
__ptext20                                text20       001452
__ptext21                                text21       001460
__ptext22                                text22       0013F4
__ptext23                                text23       00146E
__ptext24                                text24       000F3C
__ptext25                                text25       000FC6
__ptext26                                text26       000C78
__ptext27                                text27       001484
__ptext28                                text28       001488
__ptext29                                text29       000000
__ptext3                                 text3        000E18
__ptext4                                 text4        0008C8
__ptext5                                 text5        0012CC
__ptext6                                 text6        000B68
__ptext7                                 text7        000A40
__ptext9                                 text9        00147C
__ramtop                                 ramtop       000600
__smallconst                             smallconst   000600
_gpio_pin_direction_intialize            text7        000A40
_gpio_pin_intialize                      text5        0012CC
_gpio_pin_toggle_logic                   text2        001258
_gpio_pin_write_logic                    text6        000B68
_lat_register                            dataCOMRAM   000001
_lcd_1                                   dataBANK0    0000A0
_led1                                    dataCOMRAM   000037
_led2                                    dataCOMRAM   000035
_led3                                    dataCOMRAM   000033
_led4                                    dataCOMRAM   000031
_led_intialize                           text3        000E18
_led_turn_off                            text24       000F3C
_led_turn_on                             text25       000FC6
_led_turn_toggle                         text1        000EB0
_main                                    text0        000D78
_port_register                           dataBANK0    000096
_rb4_int_obj                             dataCOMRAM   00002B
_rb5_int_obj                             dataCOMRAM   000025
_rb6_int_obj                             dataCOMRAM   00001F
_rb7_int_obj                             dataCOMRAM   000019
_tris_register                           dataCOMRAM   00000B
btemp                                    temp         000069
end_of_initialization                    cinit        00138A
gpio_pin_direction_intialize@_pin_config cstackBANK0  000081
gpio_pin_direction_intialize@ret         cstackBANK0  000089
gpio_pin_intialize@_pin_config           cstackBANK0  00008B
gpio_pin_intialize@ret                   cstackBANK0  00008E
gpio_pin_toggle_logic@_pin_config        cstackBANK0  000081
gpio_pin_write_logic@_pin_config         cstackBANK0  000081
gpio_pin_write_logic@logic               cstackBANK0  000083
gpio_pin_write_logic@ret                 cstackBANK0  00008A
i2_INT0_ISR                              text11       001480
i2_gpio_pin_write_logic                  text26       000C78
i2gpio_pin_write_logic@_pin_config       cstackCOMRAM 000053
i2gpio_pin_write_logic@logic             cstackCOMRAM 000055
int$flags                                temp         000069
int_func                                 intcode_body 000612
intlevel0                                text         000000
intlevel1                                text         000000
intlevel2                                text         000000
intlevel3                                text         000000
isa$std                                  (abs)        000001
isa$xinst                                (abs)        000000
led_intialize@F2968                      bssCOMRAM    000052
led_intialize@led                        cstackBANK0  00008A
led_intialize@pin_obj                    cstackBANK0  00008E
led_intialize@ret                        cstackBANK0  00008D
led_turn_off@F2978                       bssCOMRAM    000050
led_turn_off@led                         cstackCOMRAM 00005C
led_turn_off@pin_obj                     cstackCOMRAM 00005F
led_turn_on@F2973                        bssCOMRAM    000051
led_turn_on@led                          cstackCOMRAM 00005C
led_turn_on@pin_obj                      cstackCOMRAM 00005F
led_turn_toggle@F2983                    bssCOMRAM    00004F
led_turn_toggle@led                      cstackBANK0  000088
led_turn_toggle@pin_obj                  cstackBANK0  00008B
stackhi                                  (abs)        000000
stacklo                                  (abs)        000000
start                                    init         000046
start_initialization                     cinit        00133E
ttemp5                                   temp         00006A
ttemp6                                   temp         00006D
ttemp7                                   temp         000071
wtemp8                                   temp         00006A


MODULE INFORMATION

Module		Function		Class		Link	Load	Size
mcal_layer/interrupt/mcal_interrupt_manager.c
		_InterruptManagerLow		CODE           	0018	0000	46
		_InterruptManagerHigh		CODE           	0008	0000	700

mcal_layer/interrupt/mcal_interrupt_manager.c estimated size: 746

mcal_layer/gpio_layer/hal_gpio.c
		_gpio_pin_write_logic		CODE           	0B68	0000	272
		_gpio_pin_intialize		CODE           	12CC	0000	114
		_gpio_pin_direction_intialize		CODE           	0A40	0000	296
		_gpio_pin_toggle_logic		CODE           	1258	0000	116

mcal_layer/gpio_layer/hal_gpio.c estimated size: 798

ecu_layer/led/ecu_led.c
		_led_turn_toggle		CODE           	0EB0	0000	140
		_led_turn_on   		CODE           	0FC6	0000	138
		_led_turn_off  		CODE           	0F3C	0000	138
		_led_intialize 		CODE           	0E18	0000	152

ecu_layer/led/ecu_led.c estimated size: 568

shared
		_btn_values    		SMALLCONST     	0000	0000	0
		__initialization		CODE           	133E	0000	76
		i2_gpio_pin_write_logic		CODE           	0C78	0000	256
		i2_INT0_ISR    		CODE           	1480	0000	4

shared estimated size: 336

mcal_layer/interrupt/mcal_external_interrupt.c
		_RB4_ISR       		CODE           	11D6	0000	130
		_RB5_ISR       		CODE           	1154	0000	130
		_RB6_ISR       		CODE           	10D2	0000	130
		_RB7_ISR       		CODE           	1050	0000	130
		_INT0_ISR      		CODE           	147C	0000	4
		_INT1_ISR      		CODE           	1488	0000	4
		_Interrupt_RBx_init		CODE           	08C8	0000	376
		_INT2_ISR      		CODE           	1484	0000	4

mcal_layer/interrupt/mcal_external_interrupt.c estimated size: 908

application.c
		_RB7_LOW_Int_APP_ISR		CODE           	1444	0000	14
		_RB4_HIGH_Int_APP_ISR		CODE           	13F4	0000	36
		_RB5_HIGH_Int_APP_ISR		CODE           	1460	0000	14
		_RB6_HIGH_Int_APP_ISR		CODE           	1452	0000	14
		_main          		CODE           	0D78	0000	160
		_RB7_HIGH_Int_APP_ISR		CODE           	146E	0000	14
		_RB4_LOW_Int_APP_ISR		CODE           	13D0	0000	36
		_RB5_LOW_Int_APP_ISR		CODE           	1436	0000	14
		_RB6_LOW_Int_APP_ISR		CODE           	1428	0000	14

application.c estimated size: 316

